exports[`SwipeList renders correctly 1 1`] = `
<ScrollView
  dataSource={
    ListViewDataSource {
      "items": "unknown",
    }
  }
  enableEmptySections={true}
  initialListSize={10}
  onContentSizeChange={[Function]}
  onEndReachedThreshold={1000}
  onKeyboardDidHide={undefined}
  onKeyboardDidShow={undefined}
  onKeyboardWillHide={undefined}
  onKeyboardWillShow={undefined}
  onLayout={[Function]}
  onScroll={[Function]}
  onScrollStateChange={[Function]}
  pageSize={1}
  removeClippedSubviews={true}
  renderRow={[Function]}
  scrollEnabled={true}
  scrollEventThrottle={50}
  scrollRenderAheadDistance={1000}
  stickyHeaderIndices={Array []}
  style={
    Array [
      Object {
        "alignSelf": "stretch",
        "backgroundColor": "rgb(111, 111, 111)",
      },
      Object {
        "height": 10,
      },
    ]
  } />
`;
