exports[`SwipeRow renders correctly 1 1`] = `
<View
  onLayout={[Function]}
  onStartShouldSetResponderCapture={[Function]}
  style={
    Object {
      "alignSelf": "stretch",
      "backgroundColor": "transparent",
      "height": 10,
    }
  }>
  <View
    style={
      Object {
        "alignSelf": "stretch",
      }
    }>
    <View
      pointerEvents="box-none"
      style={
        Object {
          "alignSelf": "stretch",
          "left": 0,
          "top": 0,
        }
      }>
      <Text
        accessible={true}
        allowFontScaling={true}
        ellipsizeMode="tail">
        Child Component
      </Text>
    </View>
  </View>
</View>
`;
